Archive member included because of file (symbol)

../app_bsp/\libhal_bsp.a(alt_main.o)
                              ../app_bsp//obj/HAL/src/crt0.o (alt_main)
../app_bsp/\libhal_bsp.a(alt_sys_init.o)
                              ../app_bsp/\libhal_bsp.a(alt_main.o) (alt_sys_init)
../app_bsp/\libhal_bsp.a(altera_nios2_qsys_irq.o)
                              ../app_bsp/\libhal_bsp.a(alt_sys_init.o) (altera_nios2_qsys_irq_init)

Memory Configuration

Name             Origin             Length             Attributes
reset            0x00002000         0x00000020
memory           0x00002020         0x00001fe0
*default*        0x00000000         0xffffffff

Linker script and memory map

LOAD ../app_bsp//obj/HAL/src/crt0.o
                0x0000200c                exit = _exit
LOAD obj/default/hello_world_small.o
LOAD d:/quartus/nios2eds/bin/gnu/h-i686-mingw32/bin/../lib/gcc/nios2-elf/4.1.2/../../../../nios2-elf/lib/mno-hw-mul\libstdc++.a
LOAD d:/quartus/nios2eds/bin/gnu/h-i686-mingw32/bin/../lib/gcc/nios2-elf/4.1.2/../../../../nios2-elf/lib/mno-hw-mul\libm.a
LOAD d:/quartus/nios2eds/bin/gnu/h-i686-mingw32/bin/../lib/gcc/nios2-elf/4.1.2/mno-hw-mul\libgcc.a
START GROUP
LOAD d:/quartus/nios2eds/bin/gnu/h-i686-mingw32/bin/../lib/gcc/nios2-elf/4.1.2/../../../../nios2-elf/lib/mno-hw-mul\libsmallc.a
LOAD d:/quartus/nios2eds/bin/gnu/h-i686-mingw32/bin/../lib/gcc/nios2-elf/4.1.2/mno-hw-mul\libgcc.a
LOAD ../app_bsp/\libhal_bsp.a
END GROUP
LOAD d:/quartus/nios2eds/bin/gnu/h-i686-mingw32/bin/../lib/gcc/nios2-elf/4.1.2/mno-hw-mul\libgcc.a
                0x00002000                __alt_mem_memory = 0x2000

.entry          0x00002000       0x20
 *(.entry)
 .entry         0x00002000       0x20 ../app_bsp//obj/HAL/src/crt0.o
                0x00002000                __reset
                0x0000200c                _exit

.exceptions     0x00002020        0x0
                0x00002020                PROVIDE (__ram_exceptions_start, ABSOLUTE (.))
                0x00002020                . = ALIGN (0x20)
 *(.irq)
 *(.exceptions.entry.label)
 *(.exceptions.entry.user)
 *(.exceptions.entry)
 *(.exceptions.irqtest.user)
 *(.exceptions.irqtest)
 *(.exceptions.irqhandler.user)
 *(.exceptions.irqhandler)
 *(.exceptions.irqreturn.user)
 *(.exceptions.irqreturn)
 *(.exceptions.notirq.label)
 *(.exceptions.notirq.user)
 *(.exceptions.notirq)
 *(.exceptions.soft.user)
 *(.exceptions.soft)
 *(.exceptions.unknown.user)
 *(.exceptions.unknown)
 *(.exceptions.exit.label)
 *(.exceptions.exit.user)
 *(.exceptions.exit)
 *(.exceptions)
                0x00002020                PROVIDE (__ram_exceptions_end, ABSOLUTE (.))
                0x00002020                PROVIDE (__flash_exceptions_start, LOADADDR (.exceptions))

.text           0x00002020       0xd0
                0x00002020                PROVIDE (stext, ABSOLUTE (.))
 *(.interp)
 *(.hash)
 *(.dynsym)
 *(.dynstr)
 *(.gnu.version)
 *(.gnu.version_d)
 *(.gnu.version_r)
 *(.rel.init)
 *(.rela.init)
 *(.rel.text .rel.text.* .rel.gnu.linkonce.t.*)
 *(.rela.text .rela.text.* .rela.gnu.linkonce.t.*)
 *(.rel.fini)
 *(.rela.fini)
 *(.rel.rodata .rel.rodata.* .rel.gnu.linkonce.r.*)
 *(.rela.rodata .rela.rodata.* .rela.gnu.linkonce.r.*)
 *(.rel.data .rel.data.* .rel.gnu.linkonce.d.*)
 *(.rela.data .rela.data.* .rela.gnu.linkonce.d.*)
 *(.rel.tdata .rel.tdata.* .rel.gnu.linkonce.td.*)
 *(.rela.tdata .rela.tdata.* .rela.gnu.linkonce.td.*)
 *(.rel.tbss .rel.tbss.* .rel.gnu.linkonce.tb.*)
 *(.rela.tbss .rela.tbss.* .rela.gnu.linkonce.tb.*)
 *(.rel.ctors)
 *(.rela.ctors)
 *(.rel.dtors)
 *(.rela.dtors)
 *(.rel.got)
 *(.rela.got)
 *(.rel.sdata .rel.sdata.* .rel.gnu.linkonce.s.*)
 *(.rela.sdata .rela.sdata.* .rela.gnu.linkonce.s.*)
 *(.rel.sbss .rel.sbss.* .rel.gnu.linkonce.sb.*)
 *(.rela.sbss .rela.sbss.* .rela.gnu.linkonce.sb.*)
 *(.rel.sdata2 .rel.sdata2.* .rel.gnu.linkonce.s2.*)
 *(.rela.sdata2 .rela.sdata2.* .rela.gnu.linkonce.s2.*)
 *(.rel.sbss2 .rel.sbss2.* .rel.gnu.linkonce.sb2.*)
 *(.rela.sbss2 .rela.sbss2.* .rela.gnu.linkonce.sb2.*)
 *(.rel.bss .rel.bss.* .rel.gnu.linkonce.b.*)
 *(.rela.bss .rela.bss.* .rela.gnu.linkonce.b.*)
 *(.rel.plt)
 *(.rela.plt)
 *(.rel.dyn)
 *(.init)
 *(.plt)
 *(.text .stub .text.* .gnu.linkonce.t.*)
 .text          0x00002020       0x38 ../app_bsp//obj/HAL/src/crt0.o
                0x00002020                _start
 .text          0x00002058       0x40 obj/default/hello_world_small.o
                0x00002058                main
 .text          0x00002098       0x2c ../app_bsp/\libhal_bsp.a(alt_main.o)
                0x00002098                alt_main
 .text          0x000020c4       0x24 ../app_bsp/\libhal_bsp.a(alt_sys_init.o)
                0x000020c4                alt_sys_init
                0x000020c8                alt_irq_init
 .text          0x000020e8        0x8 ../app_bsp/\libhal_bsp.a(altera_nios2_qsys_irq.o)
                0x000020e8                altera_nios2_qsys_irq_init
 *(.gnu.warning.*)
 *(.fini)
                0x000020f0                PROVIDE (__etext, ABSOLUTE (.))
                0x000020f0                PROVIDE (_etext, ABSOLUTE (.))
                0x000020f0                PROVIDE (etext, ABSOLUTE (.))
 *(.eh_frame_hdr)
                0x000020f0                . = ALIGN (0x4)
                0x000020f0                PROVIDE (__preinit_array_start, ABSOLUTE (.))
 *(.preinit_array)
                0x000020f0                PROVIDE (__preinit_array_end, ABSOLUTE (.))
                0x000020f0                PROVIDE (__init_array_start, ABSOLUTE (.))
 *(.init_array)
                0x000020f0                PROVIDE (__init_array_end, ABSOLUTE (.))
                0x000020f0                PROVIDE (__fini_array_start, ABSOLUTE (.))
 *(.fini_array)
                0x000020f0                PROVIDE (__fini_array_end, ABSOLUTE (.))
 *(.eh_frame)
 *(.gcc_except_table)
 *(.dynamic)
                0x000020f0                PROVIDE (__CTOR_LIST__, ABSOLUTE (.))
 *(.ctors)
 *(SORT(.ctors.*))
                0x000020f0                PROVIDE (__CTOR_END__, ABSOLUTE (.))
                0x000020f0                PROVIDE (__DTOR_LIST__, ABSOLUTE (.))
 *(.dtors)
 *(SORT(.dtors.*))
                0x000020f0                PROVIDE (__DTOR_END__, ABSOLUTE (.))
 *(.jcr)
                0x000020f0                . = ALIGN (0x4)

.rodata         0x000020f0        0x0
                0x000020f0                PROVIDE (__ram_rodata_start, ABSOLUTE (.))
                0x000020f0                . = ALIGN (0x4)
 *(.rodata .rodata.* .gnu.linkonce.r.*)
 *(.rodata1)
                0x000020f0                . = ALIGN (0x4)
                0x000020f0                PROVIDE (__ram_rodata_end, ABSOLUTE (.))
                0x000020f0                PROVIDE (__flash_rodata_start, LOADADDR (.rodata))

.rwdata         0x000020f0        0x0
                0x000020f0                PROVIDE (__ram_rwdata_start, ABSOLUTE (.))
                0x000020f0                . = ALIGN (0x4)
 *(.got.plt)
 *(.got)
 *(.data1)
 *(.data .data.* .gnu.linkonce.d.*)
 .data          0x000020f0        0x0 ../app_bsp//obj/HAL/src/crt0.o
 .data          0x000020f0        0x0 obj/default/hello_world_small.o
 .data          0x000020f0        0x0 ../app_bsp/\libhal_bsp.a(alt_main.o)
 .data          0x000020f0        0x0 ../app_bsp/\libhal_bsp.a(alt_sys_init.o)
 .data          0x000020f0        0x0 ../app_bsp/\libhal_bsp.a(altera_nios2_qsys_irq.o)
                0x0000a0f0                _gp = ABSOLUTE ((. + 0x8000))
                0x0000a0f0                PROVIDE (gp, _gp)
 *(.rwdata .rwdata.*)
 *(.sdata .sdata.* .gnu.linkonce.s.*)
 *(.sdata2 .sdata2.* .gnu.linkonce.s2.*)
                0x000020f0                . = ALIGN (0x4)
                0x000020f0                _edata = ABSOLUTE (.)
                0x000020f0                PROVIDE (edata, ABSOLUTE (.))
                0x000020f0                PROVIDE (__ram_rwdata_end, ABSOLUTE (.))
                0x000020f0                PROVIDE (__flash_rwdata_start, LOADADDR (.rwdata))

.bss            0x000020f0        0xc
                0x000020f0                __bss_start = ABSOLUTE (.)
                0x000020f0                PROVIDE (__sbss_start, ABSOLUTE (.))
                0x000020f0                PROVIDE (___sbss_start, ABSOLUTE (.))
 *(.dynsbss)
 *(.sbss .sbss.* .gnu.linkonce.sb.*)
 .sbss          0x000020f0        0xc ../app_bsp/\libhal_bsp.a(alt_main.o)
                0x000020f0                alt_argc
                0x000020f4                alt_argv
                0x000020f8                alt_envp
 *(.sbss2 .sbss2.* .gnu.linkonce.sb2.*)
 *(.scommon)
                0x000020fc                PROVIDE (__sbss_end, ABSOLUTE (.))
                0x000020fc                PROVIDE (___sbss_end, ABSOLUTE (.))
 *(.dynbss)
 *(.bss .bss.* .gnu.linkonce.b.*)
 .bss           0x000020fc        0x0 ../app_bsp//obj/HAL/src/crt0.o
 .bss           0x000020fc        0x0 obj/default/hello_world_small.o
 .bss           0x000020fc        0x0 ../app_bsp/\libhal_bsp.a(alt_main.o)
 .bss           0x000020fc        0x0 ../app_bsp/\libhal_bsp.a(alt_sys_init.o)
 .bss           0x000020fc        0x0 ../app_bsp/\libhal_bsp.a(altera_nios2_qsys_irq.o)
 *(COMMON)
                0x000020fc                . = ALIGN (0x4)
                0x000020fc                __bss_end = ABSOLUTE (.)

.memory         0x000020fc        0x0
                0x000020fc                PROVIDE (_alt_partition_memory_start, ABSOLUTE (.))
 *(.memory. memory.*)
                0x000020fc                . = ALIGN (0x4)
                0x000020fc                PROVIDE (_alt_partition_memory_end, ABSOLUTE (.))
                0x000020fc                _end = ABSOLUTE (.)
                0x000020fc                end = ABSOLUTE (.)
                0x000020fc                __alt_stack_base = ABSOLUTE (.)
                0x000020fc                PROVIDE (_alt_partition_memory_load_addr, LOADADDR (.memory))

.stab
 *(.stab)

.stabstr
 *(.stabstr)

.stab.excl
 *(.stab.excl)

.stab.exclstr
 *(.stab.exclstr)

.stab.index
 *(.stab.index)

.stab.indexstr
 *(.stab.indexstr)

.comment        0x00000000       0x26
 *(.comment)
 .comment       0x00000000       0x26 obj/default/hello_world_small.o
                                 0x27 (size before relaxing)
 .comment       0x00000000       0x27 ../app_bsp/\libhal_bsp.a(alt_main.o)
 .comment       0x00000000       0x27 ../app_bsp/\libhal_bsp.a(alt_sys_init.o)
 .comment       0x00000000       0x27 ../app_bsp/\libhal_bsp.a(altera_nios2_qsys_irq.o)

.debug
 *(.debug)

.line
 *(.line)

.debug_srcinfo
 *(.debug_srcinfo)

.debug_sfnames
 *(.debug_sfnames)

.debug_aranges  0x00000000       0xa8
 *(.debug_aranges)
 .debug_aranges
                0x00000000       0x28 ../app_bsp//obj/HAL/src/crt0.o
 .debug_aranges
                0x00000028       0x20 obj/default/hello_world_small.o
 .debug_aranges
                0x00000048       0x20 ../app_bsp/\libhal_bsp.a(alt_main.o)
 .debug_aranges
                0x00000068       0x20 ../app_bsp/\libhal_bsp.a(alt_sys_init.o)
 .debug_aranges
                0x00000088       0x20 ../app_bsp/\libhal_bsp.a(altera_nios2_qsys_irq.o)

.debug_pubnames
                0x00000000       0xc6
 *(.debug_pubnames)
 .debug_pubnames
                0x00000000       0x1b obj/default/hello_world_small.o
 .debug_pubnames
                0x0000001b       0x46 ../app_bsp/\libhal_bsp.a(alt_main.o)
 .debug_pubnames
                0x00000061       0x34 ../app_bsp/\libhal_bsp.a(alt_sys_init.o)
 .debug_pubnames
                0x00000095       0x31 ../app_bsp/\libhal_bsp.a(altera_nios2_qsys_irq.o)

.debug_info     0x00000000      0x3fd
 *(.debug_info .gnu.linkonce.wi.*)
 .debug_info    0x00000000       0x4e ../app_bsp//obj/HAL/src/crt0.o
 .debug_info    0x0000004e       0xab obj/default/hello_world_small.o
 .debug_info    0x000000f9      0x14f ../app_bsp/\libhal_bsp.a(alt_main.o)
 .debug_info    0x00000248       0xfe ../app_bsp/\libhal_bsp.a(alt_sys_init.o)
 .debug_info    0x00000346       0xb7 ../app_bsp/\libhal_bsp.a(altera_nios2_qsys_irq.o)

.debug_abbrev   0x00000000      0x234
 *(.debug_abbrev)
 .debug_abbrev  0x00000000       0x12 ../app_bsp//obj/HAL/src/crt0.o
 .debug_abbrev  0x00000012       0x5d obj/default/hello_world_small.o
 .debug_abbrev  0x0000006f       0xad ../app_bsp/\libhal_bsp.a(alt_main.o)
 .debug_abbrev  0x0000011c       0xb4 ../app_bsp/\libhal_bsp.a(alt_sys_init.o)
 .debug_abbrev  0x000001d0       0x64 ../app_bsp/\libhal_bsp.a(altera_nios2_qsys_irq.o)

.debug_line     0x00000000      0x8f2
 *(.debug_line)
 .debug_line    0x00000000       0x63 ../app_bsp//obj/HAL/src/crt0.o
 .debug_line    0x00000063      0x205 obj/default/hello_world_small.o
 .debug_line    0x00000268      0x2c8 ../app_bsp/\libhal_bsp.a(alt_main.o)
 .debug_line    0x00000530      0x1e9 ../app_bsp/\libhal_bsp.a(alt_sys_init.o)
 .debug_line    0x00000719      0x1d9 ../app_bsp/\libhal_bsp.a(altera_nios2_qsys_irq.o)

.debug_frame    0x00000000       0xa0
 *(.debug_frame)
 .debug_frame   0x00000000       0x20 obj/default/hello_world_small.o
 .debug_frame   0x00000020       0x28 ../app_bsp/\libhal_bsp.a(alt_main.o)
 .debug_frame   0x00000048       0x38 ../app_bsp/\libhal_bsp.a(alt_sys_init.o)
 .debug_frame   0x00000080       0x20 ../app_bsp/\libhal_bsp.a(altera_nios2_qsys_irq.o)

.debug_str      0x00000000      0x1d1
 *(.debug_str)
 .debug_str     0x00000000       0x8f obj/default/hello_world_small.o
                                 0xcd (size before relaxing)
 .debug_str     0x0000008f       0xbb ../app_bsp/\libhal_bsp.a(alt_main.o)
                                0x150 (size before relaxing)
 .debug_str     0x0000014a       0x4c ../app_bsp/\libhal_bsp.a(alt_sys_init.o)
                                0x127 (size before relaxing)
 .debug_str     0x00000196       0x3b ../app_bsp/\libhal_bsp.a(altera_nios2_qsys_irq.o)
                                0x116 (size before relaxing)

.debug_loc      0x00000000       0x64
 *(.debug_loc)
 .debug_loc     0x00000000       0x13 obj/default/hello_world_small.o
 .debug_loc     0x00000013       0x1f ../app_bsp/\libhal_bsp.a(alt_main.o)
 .debug_loc     0x00000032       0x32 ../app_bsp/\libhal_bsp.a(alt_sys_init.o)

.debug_macinfo
 *(.debug_macinfo)

.debug_weaknames
 *(.debug_weaknames)

.debug_funcnames
 *(.debug_funcnames)

.debug_typenames
 *(.debug_typenames)

.debug_varnames
 *(.debug_varnames)

.debug_alt_sim_info
                0x00000000       0x10
 *(.debug_alt_sim_info)
 .debug_alt_sim_info
                0x00000000       0x10 ../app_bsp//obj/HAL/src/crt0.o
                0x00004000                __alt_data_end = 0x4000
                0x00004000                PROVIDE (__alt_stack_pointer, __alt_data_end)
                0x000020fc                PROVIDE (__alt_stack_limit, __alt_stack_base)
                0x000020fc                PROVIDE (__alt_heap_start, end)
                0x00004000                PROVIDE (__alt_heap_limit, 0x4000)
OUTPUT(app.elf elf32-littlenios2)

.debug_ranges   0x00000000       0x20
 .debug_ranges  0x00000000       0x20 ../app_bsp//obj/HAL/src/crt0.o
